[31m[Nest] 22304  - [39m08/02/2026, 16:06:54 [31m  ERROR[39m [38;5;3m[NestApplication] [39m[31mError: listen EADDRINUSE: address already in use :::4008[39m[38;5;3m +2ms[39m
node:net:1939
    const ex = new UVExceptionWithHostPort(err, 'listen', address, port);
               ^

Error: listen EADDRINUSE: address already in use :::4008
    at Server.setupListenHandle [as _listen2] (node:net:1939:16)
    at listenInCluster (node:net:1996:12)
    at Server.listen (node:net:2101:7)
    at ExpressAdapter.listen (C:\wamp64\www\Fullstack MD\projects\iam\node_modules\@nestjs\platform-express\adapters\express-adapter.js:95:32)
    at C:\wamp64\www\Fullstack MD\projects\iam\node_modules\@nestjs\core\nest-application.js:183:30
    at new Promise (<anonymous>)
    at NestApplication.listen (C:\wamp64\www\Fullstack MD\projects\iam\node_modules\@nestjs\core\nest-application.js:173:16)
    at async bootstrap (C:\wamp64\www\Fullstack MD\projects\iam\dist\main.js:18:5) {
  code: 'EADDRINUSE',
  errno: -4091,
  syscall: 'listen',
  address: '::',
  port: 4008
}

Node.js v22.16.0
