[32m[Nest] 17548  - [39m08/02/2026, 16:34:33 [32m    LOG[39m [38;5;3m[NestFactory] [39m[32mStarting Nest application...[39m
[32m[Nest] 17548  - [39m08/02/2026, 16:34:33 [32m    LOG[39m [38;5;3m[InstanceLoader] [39m[32mAppModule dependencies initialized[39m[38;5;3m +17ms[39m
[32m[Nest] 17548  - [39m08/02/2026, 16:34:33 [32m    LOG[39m [38;5;3m[InstanceLoader] [39m[32mBullModule dependencies initialized[39m[38;5;3m +1ms[39m
[32m[Nest] 17548  - [39m08/02/2026, 16:34:33 [32m    LOG[39m [38;5;3m[InstanceLoader] [39m[32mPrismaModule dependencies initialized[39m[38;5;3m +10ms[39m
[32m[Nest] 17548  - [39m08/02/2026, 16:34:33 [32m    LOG[39m [38;5;3m[InstanceLoader] [39m[32mVersionsModule dependencies initialized[39m[38;5;3m +0ms[39m
[32m[Nest] 17548  - [39m08/02/2026, 16:34:33 [32m    LOG[39m [38;5;3m[InstanceLoader] [39m[32mRulesModule dependencies initialized[39m[38;5;3m +1ms[39m
[32m[Nest] 17548  - [39m08/02/2026, 16:34:33 [32m    LOG[39m [38;5;3m[InstanceLoader] [39m[32mAuditModule dependencies initialized[39m[38;5;3m +0ms[39m
[32m[Nest] 17548  - [39m08/02/2026, 16:34:33 [32m    LOG[39m [38;5;3m[InstanceLoader] [39m[32mThrottlerModule dependencies initialized[39m[38;5;3m +9ms[39m
[32m[Nest] 17548  - [39m08/02/2026, 16:34:33 [32m    LOG[39m [38;5;3m[InstanceLoader] [39m[32mConfigHostModule dependencies initialized[39m[38;5;3m +0ms[39m
[32m[Nest] 17548  - [39m08/02/2026, 16:34:33 [32m    LOG[39m [38;5;3m[InstanceLoader] [39m[32mWorkflowsModule dependencies initialized[39m[38;5;3m +1ms[39m
[32m[Nest] 17548  - [39m08/02/2026, 16:34:33 [32m    LOG[39m [38;5;3m[InstanceLoader] [39m[32mInstancesModule dependencies initialized[39m[38;5;3m +0ms[39m
[32m[Nest] 17548  - [39m08/02/2026, 16:34:33 [32m    LOG[39m [38;5;3m[InstanceLoader] [39m[32mConfigModule dependencies initialized[39m[38;5;3m +0ms[39m
[32m[Nest] 17548  - [39m08/02/2026, 16:34:34 [32m    LOG[39m [38;5;3m[RoutesResolver] [39m[32mWorkflowsController {/workflows}:[39m[38;5;3m +329ms[39m
[32m[Nest] 17548  - [39m08/02/2026, 16:34:34 [32m    LOG[39m [38;5;3m[RouterExplorer] [39m[32mMapped {/workflows, POST} route[39m[38;5;3m +3ms[39m
[32m[Nest] 17548  - [39m08/02/2026, 16:34:34 [32m    LOG[39m [38;5;3m[RouterExplorer] [39m[32mMapped {/workflows/:id/versions, POST} route[39m[38;5;3m +0ms[39m
[32m[Nest] 17548  - [39m08/02/2026, 16:34:34 [32m    LOG[39m [38;5;3m[RouterExplorer] [39m[32mMapped {/workflows/:id, GET} route[39m[38;5;3m +1ms[39m
[32m[Nest] 17548  - [39m08/02/2026, 16:34:34 [32m    LOG[39m [38;5;3m[RoutesResolver] [39m[32mInstancesController {/instances}:[39m[38;5;3m +0ms[39m
[32m[Nest] 17548  - [39m08/02/2026, 16:34:34 [32m    LOG[39m [38;5;3m[RouterExplorer] [39m[32mMapped {/instances, POST} route[39m[38;5;3m +0ms[39m
[32m[Nest] 17548  - [39m08/02/2026, 16:34:34 [32m    LOG[39m [38;5;3m[RouterExplorer] [39m[32mMapped {/instances/:id, GET} route[39m[38;5;3m +1ms[39m
[32m[Nest] 17548  - [39m08/02/2026, 16:34:34 [32m    LOG[39m [38;5;3m[RouterExplorer] [39m[32mMapped {/instances/:id/transition, POST} route[39m[38;5;3m +0ms[39m
[32m[Nest] 17548  - [39m08/02/2026, 16:34:34 [32m    LOG[39m [38;5;3m[RouterExplorer] [39m[32mMapped {/instances/:id/events, GET} route[39m[38;5;3m +0ms[39m
[32m[Nest] 17548  - [39m08/02/2026, 16:34:34 [32m    LOG[39m [38;5;3m[NestApplication] [39m[32mNest application successfully started[39m[38;5;3m +53ms[39m
